2026-08-26 23:55:17.694050: E external/local_xla/xla/stream_executor/cuda/cuda_dnn.cc:9261] Unable to register cuDNN factory: Attempting to register factory for plugin cuDNN when one has already been registered
2026-08-26 23:55:17.694170: E external/local_xla/xla/stream_executor/cuda/cuda_fft.cc:607] Unable to register cuFFT factory: Attempting to register factory for plugin cuFFT when one has already been registered
2026-08-26 23:55:17.696616: E external/local_xla/xla/stream_executor/cuda/cuda_blas.cc:1515] Unable to register cuBLAS factory: Attempting to register factory for plugin cuBLAS when one has already been registered
2026-08-26 23:55:19.412697: W tensorflow/compiler/tf2tensorrt/utils/py_utils.cc:38] TF-TRT Warning: Could not find TensorRT
[robosuite WARNING] No private macro file found! (macros.py:53)
WARNING:robosuite_logs:No private macro file found!
[robosuite WARNING] It is recommended to use a private macro file (macros.py:54)
WARNING:robosuite_logs:It is recommended to use a private macro file
[robosuite WARNING] To setup, run: python /mnt/sdc/dty_user/openvla_attack/envs/openvla-official-a800/lib/python3.10/site-packages/robosuite/scripts/setup_macros.py (macros.py:55)
WARNING:robosuite_logs:To setup, run: python /mnt/sdc/dty_user/openvla_attack/envs/openvla-official-a800/lib/python3.10/site-packages/robosuite/scripts/setup_macros.py
Gym has been unmaintained since 2022 and does not support NumPy 2.0 amongst other critical functionality.
Please upgrade to Gymnasium, the maintained drop-in replacement of Gym, or contact the authors of your software and request that they upgrade.
Users of this version of Gym should be able to simply replace 'import gym' with 'import gymnasium as gym' in the vast majority of cases.
See the migration guide at https://gymnasium.farama.org/introduction/migration_guide/ for additional information.
[info] using task orders [0, 1, 2, 3, 4, 5, 6, 7, 8, 9]
[Warning]: datasets path /mnt/sdc/dty_user/openvla_attack/repos/libero-stage-z-8f1084e_20260823/datasets does not exist!
[Warning]: datasets path /mnt/sdc/dty_user/openvla_attack/repos/libero-stage-z-8f1084e_20260823/datasets does not exist!
[Warning]: datasets path /mnt/sdc/dty_user/openvla_attack/repos/libero-stage-z-8f1084e_20260823/datasets does not exist!
/mnt/sdc/dty_user/openvla_attack/envs/openvla-official-a800/lib/python3.10/site-packages/flax/core/scope.py:959: DeprecationWarning: shape requires ndarray or scalar arguments, got <class 'jax._src.api.ShapeDtypeStruct'> at position 0. In a future JAX release this will be an error.
  if jnp.shape(val) != jnp.shape(abs_val):
/mnt/sdc/dty_user/openvla_attack/envs/openvla-official-a800/lib/python3.10/site-packages/jax/extend/linear_util.py:38: DeprecationWarning: linear_util.wrap_init is missing a DebugInfo object. This behavior is deprecated, use api_util.debug_info() to construct a proper DebugInfo object and propagate it to this function. See https://github.com/jax-ml/jax/issues/26480 for more details.
  debug_info = debug_info or _missing_debug_info("linear_util.wrap_init")
/mnt/sdc/dty_user/openvla_attack/envs/openvla-official-a800/lib/python3.10/site-packages/flax/core/scope.py:959: DeprecationWarning: shape requires ndarray or scalar arguments, got <class 'jax._src.api.ShapeDtypeStruct'> at position 0. In a future JAX release this will be an error.
  if jnp.shape(val) != jnp.shape(abs_val):
/mnt/sdc/dty_user/openvla_attack/envs/openvla-official-a800/lib/python3.10/site-packages/jax/extend/linear_util.py:38: DeprecationWarning: linear_util.wrap_init is missing a DebugInfo object. This behavior is deprecated, use api_util.debug_info() to construct a proper DebugInfo object and propagate it to this function. See https://github.com/jax-ml/jax/issues/26480 for more details.
  debug_info = debug_info or _missing_debug_info("linear_util.wrap_init")
/mnt/sdc/dty_user/openvla_attack/envs/openvla-official-a800/lib/python3.10/site-packages/flax/core/scope.py:959: DeprecationWarning: shape requires ndarray or scalar arguments, got <class 'jax._src.api.ShapeDtypeStruct'> at position 0. In a future JAX release this will be an error.
  if jnp.shape(val) != jnp.shape(abs_val):
/mnt/sdc/dty_user/openvla_attack/envs/openvla-official-a800/lib/python3.10/site-packages/flax/core/scope.py:959: DeprecationWarning: shape requires ndarray or scalar arguments, got <class 'jax._src.api.ShapeDtypeStruct'> at position 0. In a future JAX release this will be an error.
  if jnp.shape(val) != jnp.shape(abs_val):
/mnt/sdc/dty_user/openvla_attack/envs/openvla-official-a800/lib/python3.10/site-packages/flax/core/scope.py:959: DeprecationWarning: shape requires ndarray or scalar arguments, got <class 'jax._src.api.ShapeDtypeStruct'> at position 0. In a future JAX release this will be an error.
  if jnp.shape(val) != jnp.shape(abs_val):
/mnt/sdc/dty_user/openvla_attack/envs/openvla-official-a800/lib/python3.10/site-packages/flax/core/scope.py:959: DeprecationWarning: shape requires ndarray or scalar arguments, got <class 'jax._src.api.ShapeDtypeStruct'> at position 0. In a future JAX release this will be an error.
  if jnp.shape(val) != jnp.shape(abs_val):
/mnt/sdc/dty_user/openvla_attack/envs/openvla-official-a800/lib/python3.10/site-packages/jax/extend/linear_util.py:38: DeprecationWarning: linear_util.wrap_init is missing a DebugInfo object. This behavior is deprecated, use api_util.debug_info() to construct a proper DebugInfo object and propagate it to this function. See https://github.com/jax-ml/jax/issues/26480 for more details.
  debug_info = debug_info or _missing_debug_info("linear_util.wrap_init")
/mnt/sdc/dty_user/openvla_attack/envs/openvla-official-a800/lib/python3.10/site-packages/flax/core/scope.py:959: DeprecationWarning: shape requires ndarray or scalar arguments, got <class 'jax._src.api.ShapeDtypeStruct'> at position 0. In a future JAX release this will be an error.
  if jnp.shape(val) != jnp.shape(abs_val):
/mnt/sdc/dty_user/openvla_attack/envs/openvla-official-a800/lib/python3.10/site-packages/flax/core/scope.py:959: DeprecationWarning: shape requires ndarray or scalar arguments, got <class 'jax._src.api.ShapeDtypeStruct'> at position 0. In a future JAX release this will be an error.
  if jnp.shape(val) != jnp.shape(abs_val):
/mnt/sdc/dty_user/openvla_attack/envs/openvla-official-a800/lib/python3.10/site-packages/flax/core/scope.py:959: DeprecationWarning: shape requires ndarray or scalar arguments, got <class 'jax._src.api.ShapeDtypeStruct'> at position 0. In a future JAX release this will be an error.
  if jnp.shape(val) != jnp.shape(abs_val):
/mnt/sdc/dty_user/openvla_attack/envs/openvla-official-a800/lib/python3.10/site-packages/flax/core/scope.py:959: DeprecationWarning: shape requires ndarray or scalar arguments, got <class 'jax._src.api.ShapeDtypeStruct'> at position 0. In a future JAX release this will be an error.
  if jnp.shape(val) != jnp.shape(abs_val):
{"canonical_parent_key": "libero_10/task_04/state_20", "model_family": "M2_PI05_LIBERO", "status": "PASS_AA2R2_ENGINEERING_CANARY_CELL"}
