2026-08-26 23:55:13.256411: I tensorflow/core/util/port.cc:113] oneDNN custom operations are on. You may see slightly different numerical results due to floating-point round-off errors from different computation orders. To turn them off, set the environment variable `TF_ENABLE_ONEDNN_OPTS=0`.
2026-08-26 23:55:13.331976: E external/local_xla/xla/stream_executor/cuda/cuda_dnn.cc:9261] Unable to register cuDNN factory: Attempting to register factory for plugin cuDNN when one has already been registered
2026-08-26 23:55:13.332078: E external/local_xla/xla/stream_executor/cuda/cuda_fft.cc:607] Unable to register cuFFT factory: Attempting to register factory for plugin cuFFT when one has already been registered
2026-08-26 23:55:13.334579: E external/local_xla/xla/stream_executor/cuda/cuda_blas.cc:1515] Unable to register cuBLAS factory: Attempting to register factory for plugin cuBLAS when one has already been registered
2026-08-26 23:55:13.346773: I tensorflow/core/platform/cpu_feature_guard.cc:182] This TensorFlow binary is optimized to use available CPU instructions in performance-critical operations.
To enable the following instructions: AVX2 AVX512F AVX512_VNNI FMA, in other operations, rebuild TensorFlow with the appropriate compiler flags.
2026-08-26 23:55:15.180168: W tensorflow/compiler/tf2tensorrt/utils/py_utils.cc:38] TF-TRT Warning: Could not find TensorRT
Expected `transformers==4.40.1` and `tokenizers==0.19.1` but got `transformers==4.53.2` and `tokenizers==0.21.4`; there might be inference-time regressions due to dependency changes. If in doubt, pleaseuse the above versions.
Loading checkpoint shards:   0%|          | 0/4 [00:00<?, ?it/s]Loading checkpoint shards:  25%|██▌       | 1/4 [00:05<00:15,  5.32s/it]Loading checkpoint shards:  50%|█████     | 2/4 [00:09<00:09,  4.60s/it]Loading checkpoint shards:  75%|███████▌  | 3/4 [00:12<00:04,  4.11s/it]Loading checkpoint shards: 100%|██████████| 4/4 [00:13<00:00,  2.55s/it]Loading checkpoint shards: 100%|██████████| 4/4 [00:13<00:00,  3.28s/it]
[robosuite WARNING] No private macro file found! (macros.py:53)
[robosuite WARNING] It is recommended to use a private macro file (macros.py:54)
[robosuite WARNING] To setup, run: python /mnt/sdc/dty_user/openvla_attack/envs/openvla-official-a800/lib/python3.10/site-packages/robosuite/scripts/setup_macros.py (macros.py:55)
Gym has been unmaintained since 2022 and does not support NumPy 2.0 amongst other critical functionality.
Please upgrade to Gymnasium, the maintained drop-in replacement of Gym, or contact the authors of your software and request that they upgrade.
Users of this version of Gym should be able to simply replace 'import gym' with 'import gymnasium as gym' in the vast majority of cases.
See the migration guide at https://gymnasium.farama.org/introduction/migration_guide/ for additional information.
Using LIBERO constants:
  NUM_ACTIONS_CHUNK = 8
  ACTION_DIM = 7
  PROPRIO_DIM = 8
  ACTION_PROPRIO_NORMALIZATION_TYPE = bounds_q99
If needed, manually set the correct constants in `prismatic/vla/constants.py`!
[info] using task orders [0, 1, 2, 3, 4, 5, 6, 7, 8, 9]
[Warning]: datasets path /mnt/sdc/dty_user/openvla_attack/repos/libero-stage-z-8f1084e_20260823/datasets does not exist!
[Warning]: datasets path /mnt/sdc/dty_user/openvla_attack/repos/libero-stage-z-8f1084e_20260823/datasets does not exist!
[Warning]: datasets path /mnt/sdc/dty_user/openvla_attack/repos/libero-stage-z-8f1084e_20260823/datasets does not exist!
{"canonical_parent_key": "libero_10/task_04/state_20", "model_family": "M0_OPENVLA", "status": "PASS_AA2R2_ENGINEERING_CANARY_CELL"}
