2026-08-25 01:38:01.721132: I tensorflow/core/util/port.cc:113] oneDNN custom operations are on. You may see slightly different numerical results due to floating-point round-off errors from different computation orders. To turn them off, set the environment variable `TF_ENABLE_ONEDNN_OPTS=0`.
2026-08-25 01:38:01.801770: E external/local_xla/xla/stream_executor/cuda/cuda_dnn.cc:9261] Unable to register cuDNN factory: Attempting to register factory for plugin cuDNN when one has already been registered
2026-08-25 01:38:01.801870: E external/local_xla/xla/stream_executor/cuda/cuda_fft.cc:607] Unable to register cuFFT factory: Attempting to register factory for plugin cuFFT when one has already been registered
2026-08-25 01:38:01.804355: E external/local_xla/xla/stream_executor/cuda/cuda_blas.cc:1515] Unable to register cuBLAS factory: Attempting to register factory for plugin cuBLAS when one has already been registered
2026-08-25 01:38:01.818048: I tensorflow/core/platform/cpu_feature_guard.cc:182] This TensorFlow binary is optimized to use available CPU instructions in performance-critical operations.
To enable the following instructions: AVX2 AVX512F AVX512_VNNI FMA, in other operations, rebuild TensorFlow with the appropriate compiler flags.
2026-08-25 01:38:03.642653: W tensorflow/compiler/tf2tensorrt/utils/py_utils.cc:38] TF-TRT Warning: Could not find TensorRT
[robosuite WARNING] No private macro file found! (macros.py:53)
[robosuite WARNING] It is recommended to use a private macro file (macros.py:54)
[robosuite WARNING] To setup, run: python /mnt/sdc/dty_user/openvla_attack/envs/openvla-official-a800/lib/python3.10/site-packages/robosuite/scripts/setup_macros.py (macros.py:55)
Gym has been unmaintained since 2022 and does not support NumPy 2.0 amongst other critical functionality.
Please upgrade to Gymnasium, the maintained drop-in replacement of Gym, or contact the authors of your software and request that they upgrade.
Users of this version of Gym should be able to simply replace 'import gym' with 'import gymnasium as gym' in the vast majority of cases.
See the migration guide at https://gymnasium.farama.org/introduction/migration_guide/ for additional information.
2026-08-25 01:38:15.143584: E external/local_xla/xla/stream_executor/cuda/cuda_driver.cc:274] failed call to cuInit: CUDA_ERROR_NO_DEVICE: no CUDA-capable device is detected
2026-08-25 01:38:15.143704: I external/local_xla/xla/stream_executor/cuda/cuda_diagnostics.cc:129] retrieving CUDA diagnostic information for host: pm-364c0001
2026-08-25 01:38:15.143715: I external/local_xla/xla/stream_executor/cuda/cuda_diagnostics.cc:136] hostname: pm-364c0001
2026-08-25 01:38:15.143807: I external/local_xla/xla/stream_executor/cuda/cuda_diagnostics.cc:159] libcuda reported version is: 550.90.12
2026-08-25 01:38:15.143851: I external/local_xla/xla/stream_executor/cuda/cuda_diagnostics.cc:163] kernel reported version is: 550.90.12
2026-08-25 01:38:15.143858: I external/local_xla/xla/stream_executor/cuda/cuda_diagnostics.cc:241] kernel version seems to match DSO: 550.90.12
