Checkpoint: cdd3cbe4f42592da... VERIFIED
Production parity: 46 traces
  trace_alphabet_soup_s26_w0_10_s20d_clean_seed0_job590300: OK
  trace_alphabet_soup_s43_w0_10_s20d_clean_seed0_job330034: OK
  trace_alphabet_soup_s47_w0_10_s20d_clean_seed0_job330038: OK
  trace_alphabet_soup_s49_w0_10_s20d_clean_seed0_job330040: OK
  trace_alphabet_soup_s5_w0_10_s20d_clean_seed0_job500000: OK
  trace_alphabet_soup_s8_w0_10_s20d_clean_seed0_job540200: OK
  trace_alphabet_soup_s9_w0_10_s20d_clean_seed0_job540200: OK
  trace_bbq_sauce_s45_w0_10_s20d_clean_seed0_job330076: OK
  trace_bbq_sauce_s46_w0_10_s20d_clean_seed0_job330077: OK
  trace_butter_s3_w0_10_s20d_clean_seed0_job510100: OK
  trace_butter_s42_w0_10_s20d_clean_seed0_job330113: OK
  trace_butter_s46_w0_10_s20d_clean_seed0_job330117: OK
  trace_butter_s48_w0_10_s20d_clean_seed0_job330119: OK
  trace_butter_s6_w0_10_s20d_clean_seed0_job590100: OK
  trace_butter_s8_w0_10_s20d_clean_seed0_job590100: OK
  trace_chocolate_pudding_s16_w0_10_s20d_clean_seed0_job590000: OK
  trace_chocolate_pudding_s49_w0_10_s20d_clean_seed0_job330160: OK
  trace_chocolate_pudding_s4_w0_10_s20d_clean_seed0_job520100: OK
  trace_chocolate_pudding_s5_w0_10_s20d_clean_seed0_job520100: OK
  trace_cream_cheese_s0_w0_10_s20d_clean_seed0_job540000: OK
  trace_cream_cheese_s41_w0_10_s20d_clean_seed0_job330192: OK
  trace_cream_cheese_s43_w0_10_s20d_clean_seed0_job330194: OK
  trace_cream_cheese_s6_w0_10_s20d_clean_seed0_job540000: OK
  trace_cream_cheese_s8_w0_10_s20d_clean_seed0_job570000: OK
  trace_cream_cheese_s9_w0_10_s20d_clean_seed0_job590100: OK
  trace_ketchup_s0_w0_10_s20d_clean_seed0_job540100: OK
  trace_ketchup_s45_w0_10_s20d_clean_seed0_job330236: OK
  trace_ketchup_s47_w0_10_s20d_clean_seed0_job330238: OK
  trace_ketchup_s48_w0_10_s20d_clean_seed0_job330239: OK
  trace_ketchup_s49_w0_10_s20d_clean_seed0_job330240: OK
  trace_ketchup_s6_w0_10_s20d_clean_seed0_job590200: OK
  trace_milk_s3_w0_10_s20d_clean_seed0_job530000: OK
  trace_milk_s45_w0_10_s20d_clean_seed0_job330276: OK
  trace_milk_s8_w0_10_s20d_clean_seed0_job530000: OK
  trace_orange_juice_s0_w0_10_s20d_clean_seed0_job530100: OK
  trace_orange_juice_s43_w0_10_s20d_clean_seed0_job330314: OK
  trace_salad_dressing_s20_w0_10_s20d_clean_seed0_job520000: OK
  trace_salad_dressing_s22_w0_10_s20d_clean_seed0_job520000: OK
  trace_salad_dressing_s36_w0_10_s20d_clean_seed0_job520000: OK
  trace_salad_dressing_s38_w0_10_s20d_clean_seed0_job330349: OK
  trace_salad_dressing_s40_w0_10_s20d_clean_seed0_job330351: OK
  trace_tomato_sauce_s30_w0_10_s20d_clean_seed0_job590200: OK
  trace_tomato_sauce_s41_w0_10_s20d_clean_seed0_job330392: OK
  trace_tomato_sauce_s42_w0_10_s20d_clean_seed0_job330393: OK
  trace_tomato_sauce_s48_w0_10_s20d_clean_seed0_job590200: OK
  trace_tomato_sauce_s9_w0_10_s20d_clean_seed0_job560000: OK

=== GATES ===
  step_mismatches:       0
  feature_mismatches:    0
  norm_feat_mismatches:  0
  max_norm_feat_diff:    0.00e+00
  mlp_score_mismatches:  0
  max_mlp_score_diff:    5.00e-07
  emit_mismatches:       0
  skipped:               0
  n_traces:              46
  ALL GATES: PASS
Output: /data/liuyu/outputs/d4_production_parity_84f1190_r1
